<html>
<body>
<pre>
<h1>µVision Build Log</h1>
<h2>Tool Versions:</h2>
IDE-Version: ¶ÃVision V5.21.1.0
Copyright (C) 2016 ARM Ltd and ARM Germany GmbH. All rights reserved.
License Information: 11 Administrator, 1, LIC=V85FW-Q0Y0U-TLECD-8XJW2-Z9PMH-YMG87
 
Tool Versions:
Toolchain:       MDK-ARM Professional  Version: 5.21a
Toolchain Path:  D:\Program Files\keil_v5\ARM\ARMCC\Bin
C Compiler:      Armcc.exe V5.06 update 3 (build 300)
Assembler:       Armasm.exe V5.06 update 3 (build 300)
Linker/Locator:  ArmLink.exe V5.06 update 3 (build 300)
Library Manager: ArmAr.exe V5.06 update 3 (build 300)
Hex Converter:   FromElf.exe V5.06 update 3 (build 300)
CPU DLL:         SARMCM3.DLL V5.21a
Dialog DLL:      DCM.DLL V1.13.8.0
Target DLL:      STLink\ST-LINKIII-KEIL_SWO.dll V2.0.18.0
Dialog DLL:      TCM.DLL V1.14.14.0
 
<h2>Project:</h2>
D:\STM32\ADS1292_F4\MDK-ARM\ADS1292_F4.uvprojx
Project File Date:  10/05/2020

<h2>Output:</h2>
*** Using Compiler 'V5.06 update 3 (build 300)', folder: 'D:\Program Files\keil_v5\ARM\ARMCC\Bin'
Build target 'ADS1292_F4'
compiling ads1292r.c...
..\Core\Src\ads1292r.c(26): warning:  #223-D: function "printf" declared implicitly
  	printf("Init success!\r\n");
..\Core\Src\ads1292r.c(61): warning:  #223-D: function "printf" declared implicitly
  	printf("detected");
..\Core\Src\ads1292r.c(81): warning:  #223-D: function "printf" declared implicitly
  	printf("Âê?Âä?Ëø?Áª?ËΩ?Êç?");
..\Core\Src\ads1292r.c: 3 warnings, 0 errors
linking...
Program Size: Code=5900 RO-data=448 RW-data=32 ZI-data=1264  
FromELF: creating hex file...
"ADS1292_F4\ADS1292_F4.axf" - 0 Error(s), 3 Warning(s).

<h2>Software Packages used:</h2>

Package Vendor: ARM
                http://www.keil.com/pack/ARM.CMSIS.4.5.0.pack
                ARM::CMSIS:CORE:4.3.0
                CMSIS (Cortex Microcontroller Software Interface Standard)
   * Component: CORE Version: 4.3.0

<h2>Collection of Component include folders:</h2>
  D:\STM32\ADS1292_F4\MDK-ARM\RTE
  D:\Program Files\keil_v5\ARM\PACK\ARM\CMSIS\4.5.0\CMSIS\Include
  D:\Program Files\keil_v5\ARM\PACK\Keil\STM32F4xx_DFP\2.9.0\Drivers\CMSIS\Device\ST\STM32F4xx\Include

<h2>Collection of Component Files used:</h2>

   * Component: ARM::CMSIS:CORE:4.3.0
Build Time Elapsed:  00:00:02
</pre>
</body>
</html>
